y=3  : ¨Œ  ¨Œ  ¡ò©¤¨Œ  
                   ©¦  
y=2  : ¡ò©¤¡ò©¤¡ò©¤¡ò  
               ©¦  ©¦  
y=1  : ¡ò©¤¡ò©¤¡ò  ¡ò  
               ©¦      
y=0  : ¡ò©¤¨Œ©¤¡ñ  ¨Œ  
                       

Floor 6
 ------------------------------
y=3  : ¡÷©¤¡ó  ¨Œ  ¡ó  
       ©¦              
y=2  : ¡ò  ¨Œ  ¨Œ  ¡ò  
                   ©¦  
y=1  : ¨Œ  ¡ò©¤¨Œ  ¨Œ  
               ©¦  ©¦  
y=0  : ¡ò©¤¡÷  ¡ò  ¡÷  
                       

Floor 5
 ------------------------------
y=3  : ¡ò©¤¡÷©¤¡ó  ¡ó  
                       
y=2  : ¨Œ  ¡÷  ¡÷  ¨Œ  
           ©¦  ©¦      
y=1  : ¡ó©¤¡ò  ¡÷©¤¡ó  
           ©¦          
y=0  : ¡ò©¤¨Œ  ¨Œ  ¨Œ  
                       

Floor 4
 ------------------------------
y=3  : ¨Œ©¤¡ò  ¡÷©¤¡ó  
       ©¦              
y=2  : ¡ó  ¡ò©¤¡ò©¤¡ó  
                       
y=1  : ¡÷  ¡ò©¤¨Œ  ¡ó  
               ©¦  ©¦  
y=0  : ¡ò©¤¡÷©¤¡÷  ¡÷  
                       

Floor 3
 ------------------------------
y=3  : ¡ó©¤¨Œ  ¨Œ  ¡ó  
           ©¦      ©¦  
y=2  : ¡÷  ¨Œ©¤¡ò  ¡÷  
       ©¦          ©¦  
y=1  : ¡ò  ¡ò  ¡÷©¤¡÷  
           ©¦  ©¦      
y=0  : ¡ò©¤¡ò©¤¡ò©¤¡ò  
                       

Floor 2
 ------------------------------
y=3  : ¡÷  ¡÷  ¡÷©¤¡÷  
               ©¦  ©¦  
y=2  : ¨Œ©¤¡÷©¤¨Œ  ¡ò  
       ©¦          ©¦  
y=1  : ¨Œ  ¨Œ  ¨Œ  ¡ò  
       ©¦              
y=0  : ¡ò  ¨Œ  ¡ò©¤¨Œ  
                       

Floor 1
 ------------------------------
y=3  : ¡ò  ¡ò©¤¡ò©¤¡ò  
       ©¦      ©¦  ©¦  
y=2  : ¡÷©¤¡ò  ¡ñ  ¡ò  
           ©¦      ©¦  
y=1  : ¡÷  ¡÷  ¡÷©¤¡ò  
           ©¦  ©¦  ©¦  
y=0  : ¡ò©¤¡÷  ¡ò  ¡÷  
                       

Floor 0
 ------------------------------
