y=4  : ¨Œ  ¨Œ  ¨Œ  ¨Œ  ¡ò  
       ©¦              ©¦  
y=3  : ¡ò  ¨Œ  ¡ò  ¡ò©¤¡ò  
               ©¦      ©¦  
y=2  : ¡ò©¤¡ò©¤¡ò©¤¨Œ  ¨Œ  
                       ©¦  
y=1  : ¨Œ©¤¨Œ  ¡ñ  ¨Œ  ¡ò  
       ©¦  ©¦          ©¦  
y=0  : ¡ò  ¡ò©¤¡ò  ¡ò©¤¨Œ  
                           

Floor 3
 ------------------------------
y=4  : ¡÷©¤¡ó  ¡ó  ¡ó  ¨Œ  
               ©¦          
y=3  : ¡ò©¤¡ó  ¡ò  ¨Œ  ¨Œ  
                           
y=2  : ¨Œ©¤¨Œ©¤¡ò  ¡ó©¤¡÷  
       ©¦              ©¦  
y=1  : ¡÷  ¡ó©¤¡÷  ¡ó  ¡ò  
       ©¦          ©¦      
y=0  : ¨Œ©¤¨Œ©¤¡ò  ¡ò  ¡÷  
                           

Floor 2
 ------------------------------
y=4  : ¨Œ  ¡÷©¤¡ó  ¡ó  ¡ó  
                   ©¦  ©¦  
y=3  : ¡ò  ¡÷  ¨Œ  ¡÷  ¡÷  
       ©¦  ©¦          ©¦  
y=2  : ¡÷  ¡÷©¤¡ò©¤¡ó  ¡ò  
       ©¦      ©¦      ©¦  
y=1  : ¡ò  ¡÷  ¨Œ  ¡ó©¤¡ò  
               ©¦      ©¦  
y=0  : ¡÷  ¡÷  ¨Œ©¤¡ò  ¡ò  
                           

Floor 1
 ------------------------------
y=4  : ¡÷©¤¡ò©¤¡÷©¤¡÷©¤¡÷  
       ©¦  ©¦          ©¦  
y=3  : ¡ò  ¡ò©¤¡÷  ¡ò  ¡ò  
           ©¦  ©¦  ©¦  ©¦  
y=2  : ¡ò©¤¡ò  ¡ñ©¤¡÷  ¡ò  
       ©¦  ©¦          ©¦  
y=1  : ¡ò  ¡ò  ¡÷  ¡÷  ¡ò  
       ©¦  ©¦      ©¦  ©¦  
y=0  : ¡ò  ¡ò  ¡÷  ¡ò  ¡ò  
                           

Floor 0
 ------------------------------
