y=4  : ¡ò©¤¡ò©¤¨Œ  ¨Œ©¤¡ò  
               ©¦          
y=3  : ¡ò©¤¨Œ  ¡ò  ¨Œ©¤¡ò  
                   ©¦      
y=2  : ¨Œ©¤¨Œ©¤¨Œ©¤¨Œ  ¨Œ  
       ©¦                  
y=1  : ¡ò©¤¡ò  ¡ò©¤¡ò©¤¨Œ  
                   ©¦  ©¦  
y=0  : ¨Œ  ¨Œ  ¨Œ  ¡ñ  ¡ò  
                           

Floor 3
 ------------------------------
y=4  : ¡ò©¤¨Œ©¤¡÷©¤¡÷  ¨Œ  
                   ©¦      
y=3  : ¡ò  ¡ó©¤¨Œ©¤¡÷  ¨Œ  
       ©¦                  
y=2  : ¡ó  ¡ó  ¡÷  ¡÷©¤¡÷  
           ©¦  ©¦  ©¦      
y=1  : ¨Œ  ¡ò  ¡ò  ¡ò©¤¡÷  
                   ©¦  ©¦  
y=0  : ¡ó  ¡÷©¤¡÷©¤¨Œ  ¡ò  
                           

Floor 2
 ------------------------------
y=4  : ¡ò©¤¡÷  ¡ò  ¨Œ©¤¡÷  
               ©¦  ©¦  ©¦  
y=3  : ¨Œ©¤¡ó  ¡ó  ¡ò  ¡÷  
                           
y=2  : ¡÷  ¡÷  ¡ò©¤¨Œ©¤¨Œ  
                       ©¦  
y=1  : ¡ó  ¨Œ  ¨Œ  ¡ò©¤¡ò  
                       ©¦  
y=0  : ¡ó©¤¡ò©¤¡ò  ¡÷  ¡ò  
                           

Floor 1
 ------------------------------
y=4  : ¡ò©¤¡ò©¤¡ò©¤¡÷  ¡ò  
                   ©¦  ©¦  
y=3  : ¡÷  ¡÷  ¡÷©¤¡ò©¤¡ò  
               ©¦      ©¦  
y=2  : ¡ò  ¡ò  ¡ñ  ¡÷  ¡÷  
       ©¦  ©¦  ©¦      ©¦  
y=1  : ¡÷  ¡÷  ¡÷  ¡ò  ¡ò  
       ©¦  ©¦  ©¦  ©¦      
y=0  : ¡÷©¤¡ò©¤¡ò©¤¡ò©¤¡ò  
                           

Floor 0
 ------------------------------
