y=24 : ¡ò  ¡ò  ¡ò©¤¡ò©¤¡ò  ¡ò  ¡ò©¤¡ò©¤¡ò©¤¡ò  ¡ò  ¡ò  ¡ò  ¡ò©¤¡ò  ¡ò  ¡ò  ¡ò©¤¡ò  ¡ò  ¡ò  ¡ò©¤¡ò©¤¡ò©¤¡ò  
       ©¦  ©¦      ©¦      ©¦  ©¦              ©¦  ©¦  ©¦  ©¦      ©¦  ©¦  ©¦      ©¦  ©¦  ©¦      ©¦      
y=23 : ¡ò©¤¡ò  ¡ò  ¡ò©¤¡ò©¤¡ò  ¡ò©¤¡ò  ¡ò©¤¡ò  ¡ò©¤¡ò  ¡ò  ¡ò©¤¡ò©¤¡ò©¤¡ò©¤¡ò©¤¡ò©¤¡ò©¤¡ò©¤¡ò©¤¡ò  ¡ò©¤¡ò  
           ©¦  ©¦  ©¦          ©¦      ©¦      ©¦      ©¦  ©¦                  ©¦                      ©¦  
y=22 : ¡ò©¤¡ò©¤¡ò©¤¡ò  ¡ò  ¡ò©¤¡ò  ¡ò  ¡ò©¤¡ò  ¡ò  ¡ò  ¡ò  ¡ò©¤¡ò  ¡ò  ¡ò©¤¡ò  ¡ò  ¡ò  ¡ò©¤¡ò©¤¡ò©¤¡ò  ¡ò  
                   ©¦  ©¦      ©¦  ©¦  ©¦      ©¦  ©¦  ©¦  ©¦      ©¦  ©¦          ©¦  ©¦      ©¦          
y=21 : ¡ò©¤¡ò©¤¡ò  ¡ò©¤¡ò©¤¡ò  ¡ò  ¡ò©¤¡ò©¤¡ò  ¡ò©¤¡ò  ¡ò©¤¡ò©¤¡ò  ¡ò©¤¡ò©¤¡ò©¤¡ò  ¡ò©¤¡ò©¤¡ò  ¡ò©¤¡ò©¤¡ò  
               ©¦  ©¦          ©¦  ©¦          ©¦      ©¦          ©¦      ©¦      ©¦                  ©¦  
y=20 : ¡ò  ¡ò©¤¡ò©¤¡ò  ¡ò  ¡ò  ¡ò©¤¡ò  ¡ò  ¡ò  ¡ò©¤¡ò©¤¡ò©¤¡ò©¤¡ò©¤¡ò  ¡ò©¤¡ò  ¡ò©¤¡ò©¤¡ò  ¡ò©¤¡ò  ¡ò  ¡ò  
       ©¦          ©¦  ©¦  ©¦  ©¦      ©¦  ©¦  ©¦              ©¦  ©¦          ©¦          ©¦      ©¦      
y=19 : ¡ò©¤¡ò©¤¡ò  ¡ò  ¡ò  ¡ò©¤¡ò  ¡ò©¤¡ò©¤¡ò©¤¡ò©¤¡ò©¤¡ò©¤¡ò  ¡ò  ¡ò©¤¡ò©¤¡ò©¤¡ò©¤¡ò  ¡ò  ¡ò  ¡ò©¤¡ò©¤¡ò  
           ©¦      ©¦  ©¦      ©¦  ©¦              ©¦              ©¦  ©¦  ©¦          ©¦  ©¦  ©¦          
y=18 : ¡ò©¤¡ò  ¡ò  ¡ò  ¡ò  ¡ò  ¡ò©¤¡ò©¤¡ò  ¡ò©¤¡ò  ¡ò©¤¡ò  ¡ò©¤¡ò  ¡ò  ¡ò  ¡ò©¤¡ò  ¡ò  ¡ò  ¡ò©¤¡ò  ¡ò  ¡ò  
           ©¦  ©¦  ©¦  ©¦  ©¦  ©¦          ©¦              ©¦                      ©¦  ©¦      ©¦  ©¦  ©¦  
y=17 : ¡ò  ¡ò©¤¡ò©¤¡ò  ¡ò  ¡ò  ¡ò©¤¡ò©¤¡ò©¤¡ò©¤¡ò©¤¡ò©¤¡ò©¤¡ò©¤¡ò©¤¡ò©¤¡ò©¤¡ò©¤¡ò  ¡ò©¤¡ò©¤¡ò©¤¡ò©¤¡ò©¤¡ò  
       ©¦  ©¦          ©¦  ©¦  ©¦              ©¦      ©¦      ©¦  ©¦  ©¦                  ©¦              
y=16 : ¡ò©¤¡ò  ¡ò©¤¡ò  ¡ò  ¡ò©¤¡ò©¤¡ò©¤¡ò©¤¡ò  ¡ò  ¡ò  ¡ò©¤¡ò  ¡ò  ¡ò  ¡ò©¤¡ò©¤¡ò©¤¡ò  ¡ò  ¡ò©¤¡ò©¤¡ò©¤¡ò  
           ©¦  ©¦      ©¦  ©¦      ©¦  ©¦          ©¦          ©¦      ©¦  ©¦  ©¦      ©¦  ©¦              
y=15 : ¡ò©¤¡ò  ¡ò©¤¡ò  ¡ò©¤¡ò©¤¡ò  ¡ò  ¡ò©¤¡ò©¤¡ò©¤¡ò  ¡ò©¤¡ò  ¡ò  ¡ò  ¡ò  ¡ò  ¡ò©¤¡ò©¤¡ò©¤¡ò©¤¡ò©¤¡ò©¤¡ò  
           ©¦  ©¦      ©¦                      ©¦  ©¦  ©¦  ©¦      ©¦                          ©¦          
y=14 : ¡ò  ¡ò©¤¡ò©¤¡ò©¤¡ò©¤¡ò©¤¡ò©¤¡ò©¤¡ò©¤¡ò  ¡ò  ¡ò©¤¡ò  ¡ò©¤¡ò©¤¡ò  ¡ò  ¡ò©¤¡ò©¤¡ò©¤¡ò©¤¡ò  ¡ò©¤¡ò©¤¡ò  
       ©¦  ©¦      ©¦      ©¦                      ©¦  ©¦              ©¦  ©¦                  ©¦  ©¦      
y=13 : ¡ò©¤¡ò©¤¡ò  ¡ò  ¡ò©¤¡ò  ¡ò  ¡ò  ¡ò©¤¡ò  ¡ò  ¡ò  ¡ò  ¡ò©¤¡ò©¤¡ò  ¡ò©¤¡ò©¤¡ò  ¡ò©¤¡ò  ¡ò©¤¡ò  ¡ò©¤¡ò  
       ©¦                      ©¦  ©¦  ©¦      ©¦          ©¦          ©¦          ©¦          ©¦          
y=12 : ¡ñ  ¡ò©¤¡ò©¤¡ò©¤¡ò©¤¡ò  ¡ò©¤¡ò©¤¡ò©¤¡ò  ¡ò  ¡ò©¤¡ò©¤¡ò©¤¡ò  ¡ò©¤¡ò  ¡ò©¤¡ò©¤¡ò  ¡ò  ¡ò  ¡ò©¤¡ò©¤¡ò  
       ©¦  ©¦          ©¦      ©¦              ©¦  ©¦  ©¦              ©¦  ©¦      ©¦  ©¦  ©¦          ©¦  
y=11 : ¡ò©¤¡ò©¤¡ò©¤¡ò  ¡ò©¤¡ò©¤¡ò  ¡ò  ¡ò  ¡ò  ¡ò©¤¡ò  ¡ò  ¡ò  ¡ò  ¡ò  ¡ò©¤¡ò©¤¡ò  ¡ò©¤¡ò©¤¡ò©¤¡ò©¤¡ò  ¡ò  
       ©¦      ©¦  ©¦          ©¦  ©¦  ©¦  ©¦  ©¦  ©¦      ©¦  ©¦  ©¦  ©¦          ©¦                      
y=10 : ¡ò©¤¡ò  ¡ò  ¡ò  ¡ò  ¡ò  ¡ò  ¡ò©¤¡ò©¤¡ò©¤¡ò  ¡ò©¤¡ò©¤¡ò©¤¡ò  ¡ò©¤¡ò©¤¡ò©¤¡ò  ¡ò©¤¡ò©¤¡ò©¤¡ò©¤¡ò©¤¡ò  
       ©¦              ©¦  ©¦      ©¦          ©¦                  ©¦                      ©¦              
y=9  : ¡ò©¤¡ò©¤¡ò©¤¡ò©¤¡ò©¤¡ò©¤¡ò©¤¡ò©¤¡ò©¤¡ò  ¡ò©¤¡ò©¤¡ò©¤¡ò©¤¡ò©¤¡ò©¤¡ò©¤¡ò  ¡ò©¤¡ò©¤¡ò  ¡ò©¤¡ò©¤¡ò  ¡ò  
       ©¦  ©¦  ©¦  ©¦          ©¦      ©¦      ©¦              ©¦      ©¦      ©¦  ©¦          ©¦      ©¦  
y=8  : ¡ò  ¡ò  ¡ò  ¡ò©¤¡ò©¤¡ò  ¡ò©¤¡ò  ¡ò©¤¡ò  ¡ò  ¡ò©¤¡ò©¤¡ò  ¡ò©¤¡ò  ¡ò©¤¡ò©¤¡ò  ¡ò©¤¡ò©¤¡ò  ¡ò  ¡ò©¤¡ò  
       ©¦          ©¦  ©¦          ©¦  ©¦          ©¦                      ©¦  ©¦      ©¦          ©¦      
y=7  : ¡ò©¤¡ò©¤¡ò  ¡ò  ¡ò©¤¡ò©¤¡ò  ¡ò  ¡ò©¤¡ò©¤¡ò©¤¡ò©¤¡ò  ¡ò©¤¡ò©¤¡ò  ¡ò  ¡ò  ¡ò©¤¡ò  ¡ò©¤¡ò  ¡ò  ¡ò©¤¡ò  
       ©¦  ©¦      ©¦  ©¦  ©¦          ©¦  ©¦                  ©¦      ©¦              ©¦      ©¦  ©¦      
y=6  : ¡ò  ¡ò©¤¡ò  ¡ò  ¡ò  ¡ò©¤¡ò©¤¡ò  ¡ò  ¡ò©¤¡ò©¤¡ò©¤¡ò©¤¡ò  ¡ò©¤¡ò  ¡ò©¤¡ò  ¡ò©¤¡ò  ¡ò©¤¡ò©¤¡ò©¤¡ò©¤¡ò  
       ©¦  ©¦      ©¦  ©¦  ©¦              ©¦  ©¦              ©¦      ©¦      ©¦                      ©¦  
y=5  : ¡ò  ¡ò©¤¡ò  ¡ò  ¡ò  ¡ò©¤¡ò  ¡ò©¤¡ò  ¡ò  ¡ò©¤¡ò©¤¡ò©¤¡ò©¤¡ò©¤¡ò©¤¡ò©¤¡ò©¤¡ò©¤¡ò©¤¡ò  ¡ò©¤¡ò  ¡ò  ¡ò  
       ©¦  ©¦      ©¦      ©¦      ©¦          ©¦  ©¦  ©¦  ©¦      ©¦      ©¦              ©¦      ©¦      
y=4  : ¡ò  ¡ò©¤¡ò  ¡ò  ¡ò©¤¡ò©¤¡ò©¤¡ò©¤¡ò©¤¡ò  ¡ò  ¡ò  ¡ò  ¡ò©¤¡ò  ¡ò©¤¡ò  ¡ò©¤¡ò©¤¡ò©¤¡ò©¤¡ò  ¡ò  ¡ò©¤¡ò  
           ©¦                  ©¦                          ©¦      ©¦          ©¦  ©¦  ©¦  ©¦  ©¦  ©¦      
y=3  : ¡ò  ¡ò©¤¡ò  ¡ò©¤¡ò©¤¡ò  ¡ò©¤¡ò©¤¡ò©¤¡ò©¤¡ò©¤¡ò  ¡ò  ¡ò  ¡ò  ¡ò©¤¡ò©¤¡ò  ¡ò  ¡ò  ¡ò  ¡ò©¤¡ò  ¡ò  ¡ñ©¤
       ©¦  ©¦      ©¦          ©¦  ©¦                  ©¦      ©¦      ©¦  ©¦              ©¦  ©¦  ©¦  ©¦  
y=2  : ¡ò©¤¡ò©¤¡ò©¤¡ò©¤¡ò  ¡ò©¤¡ò  ¡ò©¤¡ò©¤¡ò©¤¡ò©¤¡ò©¤¡ò©¤¡ò©¤¡ò©¤¡ò  ¡ò  ¡ò©¤¡ò©¤¡ò©¤¡ò  ¡ò  ¡ò©¤¡ò©¤¡ò  
       ©¦      ©¦          ©¦  ©¦  ©¦  ©¦          ©¦      ©¦              ©¦      ©¦  ©¦      ©¦          
y=1  : ¡ò  ¡ò  ¡ò©¤¡ò©¤¡ò  ¡ò  ¡ò  ¡ò  ¡ò©¤¡ò  ¡ò  ¡ò©¤¡ò  ¡ò©¤¡ò©¤¡ò  ¡ò©¤¡ò©¤¡ò  ¡ò  ¡ò©¤¡ò  ¡ò©¤¡ò©¤¡ò  
           ©¦  ©¦          ©¦  ©¦  ©¦  ©¦      ©¦          ©¦          ©¦      ©¦      ©¦      ©¦  ©¦      
y=0  : ¡ò©¤¡ò©¤¡ò©¤¡ò©¤¡ò  ¡ò  ¡ò  ¡ò  ¡ò©¤¡ò©¤¡ò©¤¡ò©¤¡ò  ¡ò©¤¡ò©¤¡ò  ¡ò  ¡ò©¤¡ò©¤¡ò  ¡ò©¤¡ò  ¡ò  ¡ò©¤¡ò  
                                                                                                           
